import "pe"
import "elf"
import "math"
rule detailed_test
{
  meta:
  description = "Comprehensive test for decompiler"
  strings:
  $a = "abc" ascii
  $b = /[RE_SOURCE_N_A]/ ascii
  $c = { 01 02 03 04 }
  $d = "xyz" ascii fullword
  condition:
  (($a and not $b) and ((($c at 0 and $d in (0..filesize)) and (#a > 1)) and (((((!a == 3) and (@a[1] < 100)) and 1 of ($a, $b, $c)) and all of ($a, $b, $c, $d)) and (((((for all i in (1..#a) : ( (@a[i] > 0) ) and (pe.number_of_sections > 0)) and (math.entropy(0, filesize) > 7)) and ((1 + (2 * 3)) == 7)) and ((4660 & 255) == 52)) and ("test" contains "es")))))
}